// Jest Snapshot v1, https://goo.gl/fbAQLP

exports[`Component Snapshots  1`] = `
<div
  className="Contactframes__Frame-sc-1sm65g0-0 bIMFVL"
>
  <div
    className="Contactframes__FrameBox-sc-1sm65g0-1 jephfn"
  >
    <div
      className="frame-title"
    >
      Kontakdaten
    </div>
    <form
      className=""
    >
      <div
        className="form-group"
      >
        <label
          className="Contactframes__StyledLabel-sc-1sm65g0-3 kzeYqr form-label"
          htmlFor="name"
        >
          Name
        </label>
        <input
          className="form-control"
          id="name"
          onChange={[Function]}
          style={
            Object {
              "backgroundColor": "transparent",
              "color": "white",
            }
          }
          type="text"
          value=""
        />
      </div>
      <div
        className="form-group"
      >
        <label
          className="Contactframes__StyledLabel-sc-1sm65g0-3 kzeYqr form-label"
          htmlFor="vorname"
        >
          Vorname
        </label>
        <input
          className="form-control"
          id="vorname"
          onChange={[Function]}
          style={
            Object {
              "backgroundColor": "transparent",
              "color": "white",
            }
          }
          type="text"
          value=""
        />
      </div>
      <div
        className="form-group"
      >
        <label
          className="Contactframes__StyledLabel-sc-1sm65g0-3 kzeYqr form-label"
          htmlFor="email"
        >
          Email
        </label>
        <input
          className="form-control"
          id="email"
          onChange={[Function]}
          style={
            Object {
              "backgroundColor": "transparent",
              "color": "white",
            }
          }
          type="email"
          value=""
        />
      </div>
      <div
        className="form-group"
      >
        <label
          className="Contactframes__StyledLabel-sc-1sm65g0-3 kzeYqr form-label"
          htmlFor="strasse"
        >
          Stra√üe und Hausnummer
        </label>
        <input
          className="form-control"
          id="strasse"
          onChange={[Function]}
          style={
            Object {
              "backgroundColor": "transparent",
              "color": "white",
            }
          }
          type="text"
          value=""
        />
      </div>
      <div
        className="form-group--50 form-group"
      >
        <label
          className="Contactframes__StyledLabel-sc-1sm65g0-3 kzeYqr form-label"
          htmlFor="ort"
        >
          Ort
        </label>
        <input
          className="form-control"
          id="ort"
          onChange={[Function]}
          style={
            Object {
              "backgroundColor": "transparent",
              "color": "white",
            }
          }
          type="text"
          value=""
        />
      </div>
      <div
        className="form-group--50 form-group"
      >
        <label
          className="Contactframes__StyledLabel-sc-1sm65g0-3 kzeYqr form-label"
          htmlFor="plz"
        >
          PLZ
        </label>
        <input
          className="form-control"
          id="plz"
          onChange={[Function]}
          style={
            Object {
              "backgroundColor": "transparent",
              "color": "white",
            }
          }
          type="text"
          value=""
        />
      </div>
    </form>
  </div>
  <button
    className="Contactframes__StyledButton-sc-1sm65g0-2 dmwCyj btn btn-primary"
    disabled={true}
    id="contact-button"
    onClick={[Function]}
    type="button"
  >
    Weiter
  </button>
</div>
`;
